// Jest Snapshot v1, https://goo.gl/fbAQLP

exports[`Example 1: PolicyEngine/CRUD Tests should create policy 1`] = `
Object {
  "allowedEvents": Array [
    "SubjectCreated",
  ],
  "attributes": Object {
    "uri": "model/org?id=resourceAttrs:creator_mspid/entity?id=resourceAttrs:entityName",
  },
  "condition": Object {
    "hasList": Object {
      "createSubject": "creator_id",
    },
  },
  "effect": "Allow",
  "key": "\\"Org3MSP::Tester01@example.com\\"~\\"allowCreateSubject\\"",
  "policyClass": "consolidated-test",
  "sid": "allowCreateSubject",
}
`;
