// Jest Snapshot v1, https://goo.gl/fbAQLP

exports[`NgacRepo CRUD Tests should addPolicy 1`] = `
Object {
  "allowedEvents": Array [
    "TradeCreated",
  ],
  "attributes": Object {
    "uri": "model/Org0MSP/trade/trade_unit_01",
  },
  "effect": "Allow",
  "key": "\\"Org1MSP::Admin@example.com\\"~\\"allowCreateTrade\\"",
  "policyClass": "unit-test",
  "sid": "allowCreateTrade",
}
`;
