// Jest Snapshot v1, https://goo.gl/fbAQLP

exports[`Ngac CRUD Integration Tests should getPolicyByIdSid 1`] = `
Object {
  "allowedEvents": Array [
    "TestCreated",
  ],
  "attributes": Object {
    "uri": "model/Org1MSP/test/test_0001",
  },
  "effect": "Allow",
  "key": "\\"Org1MSP::Admin@org1.example.com\\"~\\"allowCreateTest\\"",
  "policyClass": "int-test",
  "sid": "allowCreateTest",
}
`;

exports[`Ngac CRUD Integration Tests should getResourceAttrByURI 1`] = `
Array [
  Object {
    "key": "createTest",
    "type": "1",
    "value": "\\"Org1MSP\\"~\\"Admin@org1.example.com\\"",
  },
]
`;
