// Jest Snapshot v1, https://goo.gl/fbAQLP

exports[`Store:privatedata Tests should createCommit 1`] = `
Object {
  "entityName": "store_privatedata",
  "events": Array [
    Object {
      "payload": Object {
        "name": "me",
      },
      "type": "User Created",
    },
  ],
  "version": 0,
}
`;

exports[`Store:privatedata Tests should queryByEntityId 1`] = `
Object {
  "entityName": "store_privatedata",
  "events": Array [
    Object {
      "payload": Object {
        "name": "me",
      },
      "type": "User Created",
    },
  ],
  "version": 0,
}
`;

exports[`Store:privatedata Tests should queryByEntityIdCommitId 1`] = `
Object {
  "entityName": "store_privatedata",
  "events": Array [
    Object {
      "payload": Object {
        "name": "me",
      },
      "type": "User Created",
    },
  ],
  "version": 0,
}
`;

exports[`Store:privatedata Tests should queryByEntityName 1`] = `
Object {
  "entityName": "store_privatedata",
  "events": Array [
    Object {
      "payload": Object {
        "name": "me",
      },
      "type": "User Created",
    },
  ],
  "version": 0,
}
`;
