// Jest Snapshot v1, https://goo.gl/fbAQLP

exports[`Start peer privatedata Tests should Add #1 1`] = `
Object {
  "entityName": "privatedata_counter",
  "version": 0,
}
`;
