// Jest Snapshot v1, https://goo.gl/fbAQLP

exports[`Start peer Tests should ADD #1 1`] = `
Object {
  "entityName": "counter",
  "events": Array [
    Object {
      "type": "ADD",
    },
  ],
  "version": 0,
}
`;
