// Jest Snapshot v1, https://goo.gl/fbAQLP

exports[`Chaincode Ngac CRUD Integration Tests should getPolicyByIdSid 1`] = `
Object {
  "allowedEvents": Array [
    "TestCreated",
  ],
  "attributes": Object {
    "uri": "model/Org1MSP/test/test_0001",
  },
  "effect": "Allow",
  "key": "\\"x509::/C=US/ST=North Carolina/O=Hyperledger/OU=client/CN=Admin@org1.example.com::/C=US/ST=North Carolina/O=Hyperledger/OU=Fabric/CN=rca-org1\\"~\\"allowCreateTest\\"",
  "policyClass": "int-test",
  "sid": "allowCreateTest",
}
`;

exports[`Chaincode Ngac CRUD Integration Tests should getResourceAttrByURI 1`] = `
Array [
  Array [
    Object {
      "key": "createTest",
      "type": "1",
      "value": Array [
        "x509::/C=US/ST=North Carolina/O=Hyperledger/OU=client/CN=Admin@org1.example.com::/C=US/ST=North Carolina/O=Hyperledger/OU=Fabric/CN=rca-org1",
      ],
    },
  ],
]
`;
